pools=all_21,leakage_free seed=42 budget=40/K kmax=8

=== all_21 (D=21) ===
[greedy] k=5 gamma_H=0.1820 evals=111 time=3.8s
  path=[('GenHlth', np.float64(0.0904)), ('HighBP', np.float64(0.1355)), ('BMI', np.float64(0.1565)), ('Age', np.float64(0.1776)), ('HighChol', np.float64(0.182))]
  K= 1: got k= 7 gamma_H=0.1494
  K= 2: got k= 8 gamma_H=0.1665
  K= 3: got k= 6 gamma_H=0.1366
  K= 4: got k= 8 gamma_H=0.1310
  K= 5: got k= 5 gamma_H=0.1250
  K= 6: got k= 8 gamma_H=0.1567
  K= 7: got k= 6 gamma_H=0.1371
  K= 8: got k= 9 gamma_H=0.1342
[matched-budget] evals=111: k=4 gamma_H=0.1498 time=36s
budget ratio Bicameral/greedy: per-K 320/111 = 2.9x (+ 1x matched run)

[matched-k] k | greedy-prefix gh | bicameral gh | winner
  k= 7 |            nan | 0.1494 | bicameral
  k= 8 |            nan | 0.1665 | bicameral
  k= 6 |            nan | 0.1366 | bicameral
  k= 4 |         0.1776 | 0.1498 | greedy
  k= 5 |          0.182 | 0.1250 | greedy
  k= 8 |            nan | 0.1567 | bicameral
  k= 6 |            nan | 0.1371 | bicameral
  k= 9 |            nan | 0.1342 | bicameral
[greedy downstream] k=5 lr_prauc=0.4086 (not saved: M1's rst_heldout name)

=== leakage_free (D=18) ===
[greedy] k=6 gamma_H=0.1566 evals=105 time=3.6s
  path=[('HighBP', np.float64(0.0775)), ('BMI', np.float64(0.1092)), ('Age', np.float64(0.1364)), ('HighChol', np.float64(0.1493)), ('HeartDiseaseorAttack', np.float64(0.1548)), ('HvyAlcoholConsump', np.float64(0.1566))]
  K= 1: got k= 6 gamma_H=0.1218
  K= 2: got k= 7 gamma_H=0.1267
  K= 3: got k= 7 gamma_H=0.1187
  K= 4: got k= 7 gamma_H=0.1423
  K= 5: got k= 6 gamma_H=0.1063
  K= 6: got k= 6 gamma_H=0.1317
  K= 7: got k= 8 gamma_H=0.1343
  K= 8: got k= 8 gamma_H=0.1310
[matched-budget] evals=105: k=5 gamma_H=0.1309 time=28s
budget ratio Bicameral/greedy: per-K 320/105 = 3.0x (+ 1x matched run)

[matched-k] k | greedy-prefix gh | bicameral gh | winner
  k= 6 |         0.1566 | 0.1218 | greedy
  k= 7 |            nan | 0.1267 | bicameral
  k= 7 |            nan | 0.1187 | bicameral
  k= 7 |            nan | 0.1423 | bicameral
  k= 5 |         0.1548 | 0.1309 | greedy
  k= 6 |         0.1566 | 0.1317 | greedy
  k= 8 |            nan | 0.1343 | bicameral
  k= 8 |            nan | 0.1310 | bicameral
[greedy downstream] k=6 lr_prauc=0.3669 (not saved: M1's rst_heldout name)

Nominations (smallest Bicameral k at >= greedy gamma_H):
  all_21: none beat greedy gh=0.1820
  leakage_free: none beat greedy gh=0.1566

Done in 1.3 min. Test sealed.
